Classic Timing Analyzer report for Term_BCDcal
Thu Apr 11 15:24:59 2019
Quartus II Version 9.1 Build 350 03/24/2010 Service Pack 2 SJ Web Edition


---------------------
; Table of Contents ;
---------------------
  1. Legal Notice
  2. Timing Analyzer Summary
  3. Timing Analyzer Settings
  4. Parallel Compilation
  5. tpd
  6. Timing Analyzer Messages



----------------
; Legal Notice ;
----------------
Copyright (C) 1991-2010 Altera Corporation
Your use of Altera Corporation's design tools, logic functions 
and other software and tools, and its AMPP partner logic 
functions, and any output files from any of the foregoing 
(including device programming or simulation files), and any 
associated documentation or information are expressly subject 
to the terms and conditions of the Altera Program License 
Subscription Agreement, Altera MegaCore Function License 
Agreement, or other applicable license agreement, including, 
without limitation, that your use is for the sole purpose of 
programming logic devices manufactured by Altera and sold by 
Altera or its authorized distributors.  Please refer to the 
applicable agreement for further details.



+-----------------------------------------------------------------------------------------------------------------------------+
; Timing Analyzer Summary                                                                                                     ;
+------------------------------+-------+---------------+-------------+-------+---------+------------+----------+--------------+
; Type                         ; Slack ; Required Time ; Actual Time ; From  ; To      ; From Clock ; To Clock ; Failed Paths ;
+------------------------------+-------+---------------+-------------+-------+---------+------------+----------+--------------+
; Worst-case tpd               ; N/A   ; None          ; 23.311 ns   ; SW[0] ; HEX1[5] ; --         ; --       ; 0            ;
; Total number of failed paths ;       ;               ;             ;       ;         ;            ;          ; 0            ;
+------------------------------+-------+---------------+-------------+-------+---------+------------+----------+--------------+


+-----------------------------------------------------------------------------------------------------------------------------------------------------+
; Timing Analyzer Settings                                                                                                                            ;
+------------------------------------------------------------------------------------------------------+--------------------+------+----+-------------+
; Option                                                                                               ; Setting            ; From ; To ; Entity Name ;
+------------------------------------------------------------------------------------------------------+--------------------+------+----+-------------+
; Device Name                                                                                          ; EP2C35F672C6       ;      ;    ;             ;
; Timing Models                                                                                        ; Final              ;      ;    ;             ;
; Default hold multicycle                                                                              ; Same as Multicycle ;      ;    ;             ;
; Cut paths between unrelated clock domains                                                            ; On                 ;      ;    ;             ;
; Cut off read during write signal paths                                                               ; On                 ;      ;    ;             ;
; Cut off feedback from I/O pins                                                                       ; On                 ;      ;    ;             ;
; Report Combined Fast/Slow Timing                                                                     ; Off                ;      ;    ;             ;
; Ignore Clock Settings                                                                                ; Off                ;      ;    ;             ;
; Analyze latches as synchronous elements                                                              ; On                 ;      ;    ;             ;
; Enable Recovery/Removal analysis                                                                     ; Off                ;      ;    ;             ;
; Enable Clock Latency                                                                                 ; Off                ;      ;    ;             ;
; Use TimeQuest Timing Analyzer                                                                        ; Off                ;      ;    ;             ;
; Minimum Core Junction Temperature                                                                    ; 0                  ;      ;    ;             ;
; Maximum Core Junction Temperature                                                                    ; 85                 ;      ;    ;             ;
; Number of source nodes to report per destination node                                                ; 10                 ;      ;    ;             ;
; Number of destination nodes to report                                                                ; 10                 ;      ;    ;             ;
; Number of paths to report                                                                            ; 200                ;      ;    ;             ;
; Report Minimum Timing Checks                                                                         ; Off                ;      ;    ;             ;
; Use Fast Timing Models                                                                               ; Off                ;      ;    ;             ;
; Report IO Paths Separately                                                                           ; Off                ;      ;    ;             ;
; Perform Multicorner Analysis                                                                         ; On                 ;      ;    ;             ;
; Reports the worst-case path for each clock domain and analysis                                       ; Off                ;      ;    ;             ;
; Reports worst-case timing paths for each clock domain and analysis                                   ; On                 ;      ;    ;             ;
; Specifies the maximum number of worst-case timing paths to report for each clock domain and analysis ; 100                ;      ;    ;             ;
; Removes common clock path pessimism (CCPP) during slack computation                                  ; Off                ;      ;    ;             ;
; Output I/O Timing Endpoint                                                                           ; Near End           ;      ;    ;             ;
+------------------------------------------------------------------------------------------------------+--------------------+------+----+-------------+


Parallel compilation was disabled, but you have multiple processors available. Enable parallel compilation to reduce compilation time.
+-------------------------------------+
; Parallel Compilation                ;
+----------------------------+--------+
; Processors                 ; Number ;
+----------------------------+--------+
; Number detected on machine ; 2      ;
; Maximum allowed            ; 1      ;
+----------------------------+--------+


+------------------------------------------------------------------------------------------------------------------------------------+
; tpd                                                                                                                                ;
+-----------------------------------------+-----------------------------------------------------+-----------------+--------+---------+
; Slack                                   ; Required P2P Time                                   ; Actual P2P Time ; From   ; To      ;
+-----------------------------------------+-----------------------------------------------------+-----------------+--------+---------+
; N/A                                     ; None                                                ; 23.311 ns       ; SW[0]  ; HEX1[5] ;
; N/A                                     ; None                                                ; 23.052 ns       ; SW[16] ; HEX1[5] ;
; N/A                                     ; None                                                ; 23.034 ns       ; SW[1]  ; HEX1[5] ;
; N/A                                     ; None                                                ; 22.912 ns       ; SW[0]  ; LEDG[8] ;
; N/A                                     ; None                                                ; 22.833 ns       ; SW[0]  ; HEX1[0] ;
; N/A                                     ; None                                                ; 22.762 ns       ; SW[0]  ; HEX1[2] ;
; N/A                                     ; None                                                ; 22.753 ns       ; SW[0]  ; HEX1[3] ;
; N/A                                     ; None                                                ; 22.736 ns       ; SW[0]  ; HEX1[1] ;
; N/A                                     ; None                                                ; 22.653 ns       ; SW[16] ; LEDG[8] ;
; N/A                                     ; None                                                ; 22.635 ns       ; SW[1]  ; LEDG[8] ;
; N/A                                     ; None                                                ; 22.576 ns       ; SW[0]  ; HEX0[6] ;
; N/A                                     ; None                                                ; 22.574 ns       ; SW[16] ; HEX1[0] ;
; N/A                                     ; None                                                ; 22.556 ns       ; SW[1]  ; HEX1[0] ;
; N/A                                     ; None                                                ; 22.521 ns       ; SW[0]  ; HEX0[4] ;
; N/A                                     ; None                                                ; 22.503 ns       ; SW[16] ; HEX1[2] ;
; N/A                                     ; None                                                ; 22.494 ns       ; SW[16] ; HEX1[3] ;
; N/A                                     ; None                                                ; 22.485 ns       ; SW[1]  ; HEX1[2] ;
; N/A                                     ; None                                                ; 22.477 ns       ; SW[16] ; HEX1[1] ;
; N/A                                     ; None                                                ; 22.476 ns       ; SW[1]  ; HEX1[3] ;
; N/A                                     ; None                                                ; 22.459 ns       ; SW[1]  ; HEX1[1] ;
; N/A                                     ; None                                                ; 22.429 ns       ; SW[2]  ; HEX1[5] ;
; N/A                                     ; None                                                ; 22.374 ns       ; SW[0]  ; HEX0[0] ;
; N/A                                     ; None                                                ; 22.337 ns       ; SW[0]  ; HEX0[3] ;
; N/A                                     ; None                                                ; 22.317 ns       ; SW[16] ; HEX0[6] ;
; N/A                                     ; None                                                ; 22.316 ns       ; SW[9]  ; HEX1[5] ;
; N/A                                     ; None                                                ; 22.299 ns       ; SW[1]  ; HEX0[6] ;
; N/A                                     ; None                                                ; 22.275 ns       ; SW[0]  ; HEX1[4] ;
; N/A                                     ; None                                                ; 22.262 ns       ; SW[16] ; HEX0[4] ;
; N/A                                     ; None                                                ; 22.244 ns       ; SW[1]  ; HEX0[4] ;
; N/A                                     ; None                                                ; 22.231 ns       ; SW[0]  ; HEX0[2] ;
; N/A                                     ; None                                                ; 22.138 ns       ; SW[8]  ; HEX1[5] ;
; N/A                                     ; None                                                ; 22.115 ns       ; SW[16] ; HEX0[0] ;
; N/A                                     ; None                                                ; 22.097 ns       ; SW[1]  ; HEX0[0] ;
; N/A                                     ; None                                                ; 22.078 ns       ; SW[16] ; HEX0[3] ;
; N/A                                     ; None                                                ; 22.060 ns       ; SW[1]  ; HEX0[3] ;
; N/A                                     ; None                                                ; 22.030 ns       ; SW[2]  ; LEDG[8] ;
; N/A                                     ; None                                                ; 22.016 ns       ; SW[16] ; HEX1[4] ;
; N/A                                     ; None                                                ; 21.998 ns       ; SW[1]  ; HEX1[4] ;
; N/A                                     ; None                                                ; 21.991 ns       ; SW[0]  ; HEX1[6] ;
; N/A                                     ; None                                                ; 21.972 ns       ; SW[16] ; HEX0[2] ;
; N/A                                     ; None                                                ; 21.954 ns       ; SW[1]  ; HEX0[2] ;
; N/A                                     ; None                                                ; 21.951 ns       ; SW[2]  ; HEX1[0] ;
; N/A                                     ; None                                                ; 21.917 ns       ; SW[9]  ; LEDG[8] ;
; N/A                                     ; None                                                ; 21.905 ns       ; SW[0]  ; HEX0[1] ;
; N/A                                     ; None                                                ; 21.898 ns       ; SW[3]  ; HEX1[5] ;
; N/A                                     ; None                                                ; 21.880 ns       ; SW[2]  ; HEX1[2] ;
; N/A                                     ; None                                                ; 21.871 ns       ; SW[2]  ; HEX1[3] ;
; N/A                                     ; None                                                ; 21.854 ns       ; SW[2]  ; HEX1[1] ;
; N/A                                     ; None                                                ; 21.838 ns       ; SW[9]  ; HEX1[0] ;
; N/A                                     ; None                                                ; 21.767 ns       ; SW[9]  ; HEX1[2] ;
; N/A                                     ; None                                                ; 21.758 ns       ; SW[9]  ; HEX1[3] ;
; N/A                                     ; None                                                ; 21.741 ns       ; SW[9]  ; HEX1[1] ;
; N/A                                     ; None                                                ; 21.739 ns       ; SW[8]  ; LEDG[8] ;
; N/A                                     ; None                                                ; 21.732 ns       ; SW[16] ; HEX1[6] ;
; N/A                                     ; None                                                ; 21.714 ns       ; SW[1]  ; HEX1[6] ;
; N/A                                     ; None                                                ; 21.694 ns       ; SW[2]  ; HEX0[6] ;
; N/A                                     ; None                                                ; 21.660 ns       ; SW[8]  ; HEX1[0] ;
; N/A                                     ; None                                                ; 21.646 ns       ; SW[16] ; HEX0[1] ;
; N/A                                     ; None                                                ; 21.645 ns       ; SW[4]  ; HEX1[5] ;
; N/A                                     ; None                                                ; 21.639 ns       ; SW[2]  ; HEX0[4] ;
; N/A                                     ; None                                                ; 21.628 ns       ; SW[1]  ; HEX0[1] ;
; N/A                                     ; None                                                ; 21.599 ns       ; SW[0]  ; HEX0[5] ;
; N/A                                     ; None                                                ; 21.589 ns       ; SW[8]  ; HEX1[2] ;
; N/A                                     ; None                                                ; 21.581 ns       ; SW[9]  ; HEX0[6] ;
; N/A                                     ; None                                                ; 21.580 ns       ; SW[8]  ; HEX1[3] ;
; N/A                                     ; None                                                ; 21.563 ns       ; SW[8]  ; HEX1[1] ;
; N/A                                     ; None                                                ; 21.526 ns       ; SW[9]  ; HEX0[4] ;
; N/A                                     ; None                                                ; 21.499 ns       ; SW[3]  ; LEDG[8] ;
; N/A                                     ; None                                                ; 21.492 ns       ; SW[2]  ; HEX0[0] ;
; N/A                                     ; None                                                ; 21.455 ns       ; SW[2]  ; HEX0[3] ;
; N/A                                     ; None                                                ; 21.420 ns       ; SW[3]  ; HEX1[0] ;
; N/A                                     ; None                                                ; 21.403 ns       ; SW[8]  ; HEX0[6] ;
; N/A                                     ; None                                                ; 21.393 ns       ; SW[2]  ; HEX1[4] ;
; N/A                                     ; None                                                ; 21.379 ns       ; SW[9]  ; HEX0[0] ;
; N/A                                     ; None                                                ; 21.349 ns       ; SW[3]  ; HEX1[2] ;
; N/A                                     ; None                                                ; 21.349 ns       ; SW[2]  ; HEX0[2] ;
; N/A                                     ; None                                                ; 21.348 ns       ; SW[8]  ; HEX0[4] ;
; N/A                                     ; None                                                ; 21.342 ns       ; SW[9]  ; HEX0[3] ;
; N/A                                     ; None                                                ; 21.340 ns       ; SW[3]  ; HEX1[3] ;
; N/A                                     ; None                                                ; 21.340 ns       ; SW[16] ; HEX0[5] ;
; N/A                                     ; None                                                ; 21.323 ns       ; SW[3]  ; HEX1[1] ;
; N/A                                     ; None                                                ; 21.322 ns       ; SW[1]  ; HEX0[5] ;
; N/A                                     ; None                                                ; 21.280 ns       ; SW[9]  ; HEX1[4] ;
; N/A                                     ; None                                                ; 21.246 ns       ; SW[4]  ; LEDG[8] ;
; N/A                                     ; None                                                ; 21.236 ns       ; SW[9]  ; HEX0[2] ;
; N/A                                     ; None                                                ; 21.201 ns       ; SW[8]  ; HEX0[0] ;
; N/A                                     ; None                                                ; 21.167 ns       ; SW[4]  ; HEX1[0] ;
; N/A                                     ; None                                                ; 21.164 ns       ; SW[8]  ; HEX0[3] ;
; N/A                                     ; None                                                ; 21.163 ns       ; SW[3]  ; HEX0[6] ;
; N/A                                     ; None                                                ; 21.109 ns       ; SW[2]  ; HEX1[6] ;
; N/A                                     ; None                                                ; 21.108 ns       ; SW[3]  ; HEX0[4] ;
; N/A                                     ; None                                                ; 21.102 ns       ; SW[8]  ; HEX1[4] ;
; N/A                                     ; None                                                ; 21.096 ns       ; SW[4]  ; HEX1[2] ;
; N/A                                     ; None                                                ; 21.087 ns       ; SW[4]  ; HEX1[3] ;
; N/A                                     ; None                                                ; 21.070 ns       ; SW[4]  ; HEX1[1] ;
; N/A                                     ; None                                                ; 21.065 ns       ; SW[10] ; HEX1[5] ;
; N/A                                     ; None                                                ; 21.059 ns       ; SW[11] ; HEX1[5] ;
; N/A                                     ; None                                                ; 21.058 ns       ; SW[8]  ; HEX0[2] ;
; N/A                                     ; None                                                ; 21.023 ns       ; SW[2]  ; HEX0[1] ;
; N/A                                     ; None                                                ; 20.996 ns       ; SW[9]  ; HEX1[6] ;
; N/A                                     ; None                                                ; 20.961 ns       ; SW[3]  ; HEX0[0] ;
; N/A                                     ; None                                                ; 20.924 ns       ; SW[3]  ; HEX0[3] ;
; N/A                                     ; None                                                ; 20.910 ns       ; SW[9]  ; HEX0[1] ;
; N/A                                     ; None                                                ; 20.910 ns       ; SW[4]  ; HEX0[6] ;
; N/A                                     ; None                                                ; 20.862 ns       ; SW[3]  ; HEX1[4] ;
; N/A                                     ; None                                                ; 20.855 ns       ; SW[4]  ; HEX0[4] ;
; N/A                                     ; None                                                ; 20.818 ns       ; SW[8]  ; HEX1[6] ;
; N/A                                     ; None                                                ; 20.818 ns       ; SW[3]  ; HEX0[2] ;
; N/A                                     ; None                                                ; 20.732 ns       ; SW[8]  ; HEX0[1] ;
; N/A                                     ; None                                                ; 20.717 ns       ; SW[2]  ; HEX0[5] ;
; N/A                                     ; None                                                ; 20.708 ns       ; SW[4]  ; HEX0[0] ;
; N/A                                     ; None                                                ; 20.671 ns       ; SW[4]  ; HEX0[3] ;
; N/A                                     ; None                                                ; 20.666 ns       ; SW[10] ; LEDG[8] ;
; N/A                                     ; None                                                ; 20.660 ns       ; SW[11] ; LEDG[8] ;
; N/A                                     ; None                                                ; 20.609 ns       ; SW[4]  ; HEX1[4] ;
; N/A                                     ; None                                                ; 20.604 ns       ; SW[9]  ; HEX0[5] ;
; N/A                                     ; None                                                ; 20.587 ns       ; SW[10] ; HEX1[0] ;
; N/A                                     ; None                                                ; 20.581 ns       ; SW[11] ; HEX1[0] ;
; N/A                                     ; None                                                ; 20.578 ns       ; SW[3]  ; HEX1[6] ;
; N/A                                     ; None                                                ; 20.565 ns       ; SW[4]  ; HEX0[2] ;
; N/A                                     ; None                                                ; 20.516 ns       ; SW[10] ; HEX1[2] ;
; N/A                                     ; None                                                ; 20.510 ns       ; SW[11] ; HEX1[2] ;
; N/A                                     ; None                                                ; 20.507 ns       ; SW[10] ; HEX1[3] ;
; N/A                                     ; None                                                ; 20.501 ns       ; SW[11] ; HEX1[3] ;
; N/A                                     ; None                                                ; 20.492 ns       ; SW[3]  ; HEX0[1] ;
; N/A                                     ; None                                                ; 20.490 ns       ; SW[10] ; HEX1[1] ;
; N/A                                     ; None                                                ; 20.484 ns       ; SW[11] ; HEX1[1] ;
; N/A                                     ; None                                                ; 20.426 ns       ; SW[8]  ; HEX0[5] ;
; N/A                                     ; None                                                ; 20.330 ns       ; SW[10] ; HEX0[6] ;
; N/A                                     ; None                                                ; 20.325 ns       ; SW[4]  ; HEX1[6] ;
; N/A                                     ; None                                                ; 20.324 ns       ; SW[11] ; HEX0[6] ;
; N/A                                     ; None                                                ; 20.275 ns       ; SW[10] ; HEX0[4] ;
; N/A                                     ; None                                                ; 20.269 ns       ; SW[11] ; HEX0[4] ;
; N/A                                     ; None                                                ; 20.239 ns       ; SW[4]  ; HEX0[1] ;
; N/A                                     ; None                                                ; 20.186 ns       ; SW[3]  ; HEX0[5] ;
; N/A                                     ; None                                                ; 20.128 ns       ; SW[10] ; HEX0[0] ;
; N/A                                     ; None                                                ; 20.122 ns       ; SW[11] ; HEX0[0] ;
; N/A                                     ; None                                                ; 20.091 ns       ; SW[10] ; HEX0[3] ;
; N/A                                     ; None                                                ; 20.085 ns       ; SW[11] ; HEX0[3] ;
; N/A                                     ; None                                                ; 20.029 ns       ; SW[10] ; HEX1[4] ;
; N/A                                     ; None                                                ; 20.023 ns       ; SW[11] ; HEX1[4] ;
; N/A                                     ; None                                                ; 19.985 ns       ; SW[10] ; HEX0[2] ;
; N/A                                     ; None                                                ; 19.979 ns       ; SW[11] ; HEX0[2] ;
; N/A                                     ; None                                                ; 19.933 ns       ; SW[4]  ; HEX0[5] ;
; N/A                                     ; None                                                ; 19.745 ns       ; SW[10] ; HEX1[6] ;
; N/A                                     ; None                                                ; 19.739 ns       ; SW[11] ; HEX1[6] ;
; N/A                                     ; None                                                ; 19.659 ns       ; SW[10] ; HEX0[1] ;
; N/A                                     ; None                                                ; 19.653 ns       ; SW[11] ; HEX0[1] ;
; N/A                                     ; None                                                ; 19.353 ns       ; SW[10] ; HEX0[5] ;
; N/A                                     ; None                                                ; 19.347 ns       ; SW[11] ; HEX0[5] ;
; N/A                                     ; None                                                ; 19.220 ns       ; SW[12] ; HEX1[5] ;
; N/A                                     ; None                                                ; 18.821 ns       ; SW[12] ; LEDG[8] ;
; N/A                                     ; None                                                ; 18.742 ns       ; SW[12] ; HEX1[0] ;
; N/A                                     ; None                                                ; 18.671 ns       ; SW[12] ; HEX1[2] ;
; N/A                                     ; None                                                ; 18.662 ns       ; SW[12] ; HEX1[3] ;
; N/A                                     ; None                                                ; 18.645 ns       ; SW[12] ; HEX1[1] ;
; N/A                                     ; None                                                ; 18.485 ns       ; SW[12] ; HEX0[6] ;
; N/A                                     ; None                                                ; 18.430 ns       ; SW[12] ; HEX0[4] ;
; N/A                                     ; None                                                ; 18.283 ns       ; SW[12] ; HEX0[0] ;
; N/A                                     ; None                                                ; 18.246 ns       ; SW[12] ; HEX0[3] ;
; N/A                                     ; None                                                ; 18.184 ns       ; SW[12] ; HEX1[4] ;
; N/A                                     ; None                                                ; 18.140 ns       ; SW[12] ; HEX0[2] ;
; N/A                                     ; None                                                ; 17.900 ns       ; SW[12] ; HEX1[6] ;
; N/A                                     ; None                                                ; 17.814 ns       ; SW[12] ; HEX0[1] ;
; N/A                                     ; None                                                ; 17.508 ns       ; SW[12] ; HEX0[5] ;
; N/A                                     ; None                                                ; 16.889 ns       ; SW[5]  ; HEX1[5] ;
; N/A                                     ; None                                                ; 16.663 ns       ; SW[6]  ; HEX1[5] ;
; N/A                                     ; None                                                ; 16.651 ns       ; SW[13] ; HEX1[5] ;
; N/A                                     ; None                                                ; 16.580 ns       ; SW[5]  ; LEDG[8] ;
; N/A                                     ; None                                                ; 16.533 ns       ; SW[5]  ; HEX0[4] ;
; N/A                                     ; None                                                ; 16.411 ns       ; SW[6]  ; LEDG[8] ;
; N/A                                     ; None                                                ; 16.411 ns       ; SW[5]  ; HEX1[0] ;
; N/A                                     ; None                                                ; 16.408 ns       ; SW[5]  ; HEX0[0] ;
; N/A                                     ; None                                                ; 16.400 ns       ; SW[5]  ; HEX1[3] ;
; N/A                                     ; None                                                ; 16.385 ns       ; SW[14] ; HEX1[5] ;
; N/A                                     ; None                                                ; 16.374 ns       ; SW[5]  ; HEX0[3] ;
; N/A                                     ; None                                                ; 16.364 ns       ; SW[6]  ; HEX0[4] ;
; N/A                                     ; None                                                ; 16.340 ns       ; SW[5]  ; HEX1[2] ;
; N/A                                     ; None                                                ; 16.314 ns       ; SW[5]  ; HEX1[1] ;
; N/A                                     ; None                                                ; 16.301 ns       ; SW[7]  ; HEX1[5] ;
; N/A                                     ; None                                                ; 16.252 ns       ; SW[13] ; LEDG[8] ;
; N/A                                     ; None                                                ; 16.239 ns       ; SW[6]  ; HEX0[0] ;
; N/A                                     ; None                                                ; 16.231 ns       ; SW[6]  ; HEX1[3] ;
; N/A                                     ; None                                                ; 16.213 ns       ; SW[5]  ; HEX0[6] ;
; N/A                                     ; None                                                ; 16.205 ns       ; SW[6]  ; HEX0[3] ;
; N/A                                     ; None                                                ; 16.173 ns       ; SW[13] ; HEX1[0] ;
; N/A                                     ; None                                                ; 16.102 ns       ; SW[13] ; HEX1[2] ;
; N/A                                     ; None                                                ; 16.093 ns       ; SW[13] ; HEX1[3] ;
; N/A                                     ; None                                                ; 16.078 ns       ; SW[6]  ; HEX1[0] ;
; N/A                                     ; None                                                ; 16.076 ns       ; SW[13] ; HEX1[1] ;
; N/A                                     ; None                                                ; 16.071 ns       ; SW[6]  ; HEX1[2] ;
; N/A                                     ; None                                                ; 16.049 ns       ; SW[7]  ; LEDG[8] ;
; N/A                                     ; None                                                ; 16.048 ns       ; SW[6]  ; HEX1[1] ;
; N/A                                     ; None                                                ; 16.044 ns       ; SW[6]  ; HEX0[6] ;
; N/A                                     ; None                                                ; 16.002 ns       ; SW[7]  ; HEX0[4] ;
; N/A                                     ; None                                                ; 15.948 ns       ; SW[14] ; HEX1[0] ;
; N/A                                     ; None                                                ; 15.923 ns       ; SW[5]  ; HEX0[1] ;
; N/A                                     ; None                                                ; 15.916 ns       ; SW[13] ; HEX0[6] ;
; N/A                                     ; None                                                ; 15.894 ns       ; SW[5]  ; HEX0[2] ;
; N/A                                     ; None                                                ; 15.877 ns       ; SW[7]  ; HEX0[0] ;
; Timing analysis restricted to 200 rows. ; To change the limit use Settings (Assignments menu) ;                 ;        ;         ;
+-----------------------------------------+-----------------------------------------------------+-----------------+--------+---------+


+--------------------------+
; Timing Analyzer Messages ;
+--------------------------+
Info: *******************************************************************
Info: Running Quartus II Classic Timing Analyzer
    Info: Version 9.1 Build 350 03/24/2010 Service Pack 2 SJ Web Edition
    Info: Processing started: Thu Apr 11 15:24:59 2019
Info: Command: quartus_tan --read_settings_files=off --write_settings_files=off Term_BCDcal -c Term_BCDcal --timing_analysis_only
Info: Longest tpd from source pin "SW[0]" to destination pin "HEX1[5]" is 23.311 ns
    Info: 1: + IC(0.000 ns) + CELL(0.840 ns) = 0.840 ns; Loc. = PIN_AC9; Fanout = 13; PIN Node = 'SW[0]'
    Info: 2: + IC(5.774 ns) + CELL(0.438 ns) = 7.052 ns; Loc. = LCCOMB_X29_Y7_N30; Fanout = 2; COMB Node = 'right[1]~4'
    Info: 3: + IC(0.253 ns) + CELL(0.419 ns) = 7.724 ns; Loc. = LCCOMB_X29_Y7_N16; Fanout = 3; COMB Node = 'Calculator:cal|Full_Adder:fulladd1|car[1]~0'
    Info: 4: + IC(0.453 ns) + CELL(0.420 ns) = 8.597 ns; Loc. = LCCOMB_X30_Y7_N4; Fanout = 1; COMB Node = 'Calculator:cal|Full_Adder:fulladd1|car[3]~1'
    Info: 5: + IC(1.014 ns) + CELL(0.150 ns) = 9.761 ns; Loc. = LCCOMB_X29_Y12_N10; Fanout = 7; COMB Node = 'Calculator:cal|Full_Adder:fulladd1|car[3]~2'
    Info: 6: + IC(0.329 ns) + CELL(0.438 ns) = 10.528 ns; Loc. = LCCOMB_X29_Y12_N6; Fanout = 1; COMB Node = 'Calculator:cal|Full_Adder:fulladd2|car[2]~1'
    Info: 7: + IC(2.211 ns) + CELL(0.150 ns) = 12.889 ns; Loc. = LCCOMB_X25_Y32_N26; Fanout = 1; COMB Node = 'Calculator:cal|Full_Adder:fulladd2|car[2]~2'
    Info: 8: + IC(0.248 ns) + CELL(0.419 ns) = 13.556 ns; Loc. = LCCOMB_X25_Y32_N20; Fanout = 2; COMB Node = 'Calculator:cal|Full_Adder:fulladd2|car[2]~3'
    Info: 9: + IC(2.152 ns) + CELL(0.420 ns) = 16.128 ns; Loc. = LCCOMB_X30_Y16_N24; Fanout = 5; COMB Node = 'Calculator:cal|Full_Adder:fulladd2|temp_out[3]'
    Info: 10: + IC(0.303 ns) + CELL(0.275 ns) = 16.706 ns; Loc. = LCCOMB_X30_Y16_N10; Fanout = 7; COMB Node = 'Calculator:cal|Full_Adder:fulladd2|sumBCD[3]~4'
    Info: 11: + IC(0.305 ns) + CELL(0.438 ns) = 17.449 ns; Loc. = LCCOMB_X30_Y16_N30; Fanout = 1; COMB Node = 'WideOr12~0'
    Info: 12: + IC(0.391 ns) + CELL(0.149 ns) = 17.989 ns; Loc. = LCCOMB_X29_Y16_N4; Fanout = 1; COMB Node = 'HEX1~15'
    Info: 13: + IC(2.680 ns) + CELL(2.642 ns) = 23.311 ns; Loc. = PIN_T2; Fanout = 0; PIN Node = 'HEX1[5]'
    Info: Total cell delay = 7.198 ns ( 30.88 % )
    Info: Total interconnect delay = 16.113 ns ( 69.12 % )
Info: Quartus II Classic Timing Analyzer was successful. 0 errors, 0 warnings
    Info: Peak virtual memory: 212 megabytes
    Info: Processing ended: Thu Apr 11 15:24:59 2019
    Info: Elapsed time: 00:00:00
    Info: Total CPU time (on all processors): 00:00:01


