Simulator report for Term_BCDcal
Sat Apr 06 11:04:41 2019
Quartus II Version 9.1 Build 350 03/24/2010 Service Pack 2 SJ Web Edition


---------------------
; Table of Contents ;
---------------------
  1. Legal Notice
  2. Simulator Summary
  3. Simulator Settings
  4. Simulation Waveforms
  5. Coverage Summary
  6. Complete 1/0-Value Coverage
  7. Missing 1-Value Coverage
  8. Missing 0-Value Coverage
  9. Simulator INI Usage
 10. Simulator Messages



----------------
; Legal Notice ;
----------------
Copyright (C) 1991-2010 Altera Corporation
Your use of Altera Corporation's design tools, logic functions 
and other software and tools, and its AMPP partner logic 
functions, and any output files from any of the foregoing 
(including device programming or simulation files), and any 
associated documentation or information are expressly subject 
to the terms and conditions of the Altera Program License 
Subscription Agreement, Altera MegaCore Function License 
Agreement, or other applicable license agreement, including, 
without limitation, that your use is for the sole purpose of 
programming logic devices manufactured by Altera and sold by 
Altera or its authorized distributors.  Please refer to the 
applicable agreement for further details.



+--------------------------------------------+
; Simulator Summary                          ;
+-----------------------------+--------------+
; Type                        ; Value        ;
+-----------------------------+--------------+
; Simulation Start Time       ; 0 ps         ;
; Simulation End Time         ; 1.0 us       ;
; Simulation Netlist Size     ; 139 nodes    ;
; Simulation Coverage         ;       0.00 % ;
; Total Number of Transitions ; 0            ;
; Simulation Breakpoints      ; 0            ;
; Family                      ; Cyclone II   ;
; Device                      ; EP2C35F672C6 ;
+-----------------------------+--------------+


+--------------------------------------------------------------------------------------------------------------------------+
; Simulator Settings                                                                                                       ;
+--------------------------------------------------------------------------------------------+-------------+---------------+
; Option                                                                                     ; Setting     ; Default Value ;
+--------------------------------------------------------------------------------------------+-------------+---------------+
; Simulation mode                                                                            ; Timing      ; Timing        ;
; Start time                                                                                 ; 0 ns        ; 0 ns          ;
; Simulation results format                                                                  ; CVWF        ;               ;
; Vector input source                                                                        ; 28+7=35.vwf ;               ;
; Add pins automatically to simulation output waveforms                                      ; On          ; On            ;
; Check outputs                                                                              ; Off         ; Off           ;
; Report simulation coverage                                                                 ; On          ; On            ;
; Display complete 1/0 value coverage report                                                 ; On          ; On            ;
; Display missing 1-value coverage report                                                    ; On          ; On            ;
; Display missing 0-value coverage report                                                    ; On          ; On            ;
; Detect setup and hold time violations                                                      ; Off         ; Off           ;
; Detect glitches                                                                            ; Off         ; Off           ;
; Disable timing delays in Timing Simulation                                                 ; Off         ; Off           ;
; Generate Signal Activity File                                                              ; Off         ; Off           ;
; Generate VCD File for PowerPlay Power Analyzer                                             ; Off         ; Off           ;
; Group bus channels in simulation results                                                   ; Off         ; Off           ;
; Preserve fewer signal transitions to reduce memory requirements                            ; On          ; On            ;
; Trigger vector comparison with the specified mode                                          ; INPUT_EDGE  ; INPUT_EDGE    ;
; Disable setup and hold time violations detection in input registers of bi-directional pins ; Off         ; Off           ;
; Overwrite Waveform Inputs With Simulation Outputs                                          ; Off         ;               ;
; Perform Glitch Filtering in Timing Simulation                                              ; Auto        ; Auto          ;
+--------------------------------------------------------------------------------------------+-------------+---------------+


+----------------------+
; Simulation Waveforms ;
+----------------------+
Waveform report data cannot be output to ASCII.
Please use Quartus II to view the waveform report data.


+--------------------------------------------------------------------+
; Coverage Summary                                                   ;
+-----------------------------------------------------+--------------+
; Type                                                ; Value        ;
+-----------------------------------------------------+--------------+
; Total coverage as a percentage                      ;       0.00 % ;
; Total nodes checked                                 ; 139          ;
; Total output ports checked                          ; 139          ;
; Total output ports with complete 1/0-value coverage ; 0            ;
; Total output ports with no 1/0-value coverage       ; 139          ;
; Total output ports with no 1-value coverage         ; 139          ;
; Total output ports with no 0-value coverage         ; 139          ;
+-----------------------------------------------------+--------------+


The following table displays output ports that toggle between 1 and 0 during simulation.
+-------------------------------------------------+
; Complete 1/0-Value Coverage                     ;
+-----------+------------------+------------------+
; Node Name ; Output Port Name ; Output Port Type ;
+-----------+------------------+------------------+


The following table displays output ports that do not toggle to 1 during simulation.
+--------------------------------------------------------------------------------------------------------------------------------------------------+
; Missing 1-Value Coverage                                                                                                                         ;
+---------------------------------------------------------------+---------------------------------------------------------------+------------------+
; Node Name                                                     ; Output Port Name                                              ; Output Port Type ;
+---------------------------------------------------------------+---------------------------------------------------------------+------------------+
; |Term_BCDcal|Calculator:cal|Full_Adder:fulladd1|car~0         ; |Term_BCDcal|Calculator:cal|Full_Adder:fulladd1|car~0         ; combout          ;
; |Term_BCDcal|Calculator:cal|Full_Adder:fulladd1|car[1]~1      ; |Term_BCDcal|Calculator:cal|Full_Adder:fulladd1|car[1]~1      ; combout          ;
; |Term_BCDcal|Calculator:cal|Full_Adder:fulladd1|car[2]~2      ; |Term_BCDcal|Calculator:cal|Full_Adder:fulladd1|car[2]~2      ; combout          ;
; |Term_BCDcal|Calculator:cal|Full_Adder:fulladd1|temp_out[3]~0 ; |Term_BCDcal|Calculator:cal|Full_Adder:fulladd1|temp_out[3]~0 ; combout          ;
; |Term_BCDcal|Calculator:cal|Full_Adder:fulladd1|temp_out[2]~1 ; |Term_BCDcal|Calculator:cal|Full_Adder:fulladd1|temp_out[2]~1 ; combout          ;
; |Term_BCDcal|Calculator:cal|Full_Adder:fulladd1|temp_out[1]   ; |Term_BCDcal|Calculator:cal|Full_Adder:fulladd1|temp_out[1]   ; combout          ;
; |Term_BCDcal|Calculator:cal|Full_Adder:fulladd1|car~3         ; |Term_BCDcal|Calculator:cal|Full_Adder:fulladd1|car~3         ; combout          ;
; |Term_BCDcal|Decoder1~0                                       ; |Term_BCDcal|Decoder1~0                                       ; combout          ;
; |Term_BCDcal|Decoder1~1                                       ; |Term_BCDcal|Decoder1~1                                       ; combout          ;
; |Term_BCDcal|Decoder1~2                                       ; |Term_BCDcal|Decoder1~2                                       ; combout          ;
; |Term_BCDcal|Decoder1~3                                       ; |Term_BCDcal|Decoder1~3                                       ; combout          ;
; |Term_BCDcal|WideOr1~0                                        ; |Term_BCDcal|WideOr1~0                                        ; combout          ;
; |Term_BCDcal|Decoder1~4                                       ; |Term_BCDcal|Decoder1~4                                       ; combout          ;
; |Term_BCDcal|Decoder1~5                                       ; |Term_BCDcal|Decoder1~5                                       ; combout          ;
; |Term_BCDcal|Decoder1~6                                       ; |Term_BCDcal|Decoder1~6                                       ; combout          ;
; |Term_BCDcal|WideOr3~0                                        ; |Term_BCDcal|WideOr3~0                                        ; combout          ;
; |Term_BCDcal|WideOr6                                          ; |Term_BCDcal|WideOr6                                          ; combout          ;
; |Term_BCDcal|Decoder1~7                                       ; |Term_BCDcal|Decoder1~7                                       ; combout          ;
; |Term_BCDcal|WideOr4~0                                        ; |Term_BCDcal|WideOr4~0                                        ; combout          ;
; |Term_BCDcal|WideOr5                                          ; |Term_BCDcal|WideOr5                                          ; combout          ;
; |Term_BCDcal|WideOr4                                          ; |Term_BCDcal|WideOr4                                          ; combout          ;
; |Term_BCDcal|WideOr3                                          ; |Term_BCDcal|WideOr3                                          ; combout          ;
; |Term_BCDcal|Decoder1~8                                       ; |Term_BCDcal|Decoder1~8                                       ; combout          ;
; |Term_BCDcal|WideOr0                                          ; |Term_BCDcal|WideOr0                                          ; combout          ;
; |Term_BCDcal|Calculator:cal|Full_Adder:fulladd1|c_out~0       ; |Term_BCDcal|Calculator:cal|Full_Adder:fulladd1|c_out~0       ; combout          ;
; |Term_BCDcal|Calculator:cal|Full_Adder:fulladd2|temp_out[0]~0 ; |Term_BCDcal|Calculator:cal|Full_Adder:fulladd2|temp_out[0]~0 ; combout          ;
; |Term_BCDcal|Calculator:cal|Full_Adder:fulladd2|car[0]~0      ; |Term_BCDcal|Calculator:cal|Full_Adder:fulladd2|car[0]~0      ; combout          ;
; |Term_BCDcal|Calculator:cal|Full_Adder:fulladd2|car[1]~1      ; |Term_BCDcal|Calculator:cal|Full_Adder:fulladd2|car[1]~1      ; combout          ;
; |Term_BCDcal|Calculator:cal|Full_Adder:fulladd2|temp_out[2]~1 ; |Term_BCDcal|Calculator:cal|Full_Adder:fulladd2|temp_out[2]~1 ; combout          ;
; |Term_BCDcal|Calculator:cal|Full_Adder:fulladd2|temp_out[1]~2 ; |Term_BCDcal|Calculator:cal|Full_Adder:fulladd2|temp_out[1]~2 ; combout          ;
; |Term_BCDcal|Calculator:cal|Full_Adder:fulladd2|car[2]~2      ; |Term_BCDcal|Calculator:cal|Full_Adder:fulladd2|car[2]~2      ; combout          ;
; |Term_BCDcal|Decoder2~0                                       ; |Term_BCDcal|Decoder2~0                                       ; combout          ;
; |Term_BCDcal|Decoder2~1                                       ; |Term_BCDcal|Decoder2~1                                       ; combout          ;
; |Term_BCDcal|Decoder2~2                                       ; |Term_BCDcal|Decoder2~2                                       ; combout          ;
; |Term_BCDcal|Decoder2~3                                       ; |Term_BCDcal|Decoder2~3                                       ; combout          ;
; |Term_BCDcal|WideOr12~0                                       ; |Term_BCDcal|WideOr12~0                                       ; combout          ;
; |Term_BCDcal|Decoder2~4                                       ; |Term_BCDcal|Decoder2~4                                       ; combout          ;
; |Term_BCDcal|WideOr8~0                                        ; |Term_BCDcal|WideOr8~0                                        ; combout          ;
; |Term_BCDcal|WideOr8~1                                        ; |Term_BCDcal|WideOr8~1                                        ; combout          ;
; |Term_BCDcal|WideOr8~2                                        ; |Term_BCDcal|WideOr8~2                                        ; combout          ;
; |Term_BCDcal|Calculator:cal|Full_Adder:fulladd2|temp_out[3]~3 ; |Term_BCDcal|Calculator:cal|Full_Adder:fulladd2|temp_out[3]~3 ; combout          ;
; |Term_BCDcal|Decoder2~5                                       ; |Term_BCDcal|Decoder2~5                                       ; combout          ;
; |Term_BCDcal|Decoder2~6                                       ; |Term_BCDcal|Decoder2~6                                       ; combout          ;
; |Term_BCDcal|WideOr10~0                                       ; |Term_BCDcal|WideOr10~0                                       ; combout          ;
; |Term_BCDcal|WideOr13                                         ; |Term_BCDcal|WideOr13                                         ; combout          ;
; |Term_BCDcal|Decoder2~7                                       ; |Term_BCDcal|Decoder2~7                                       ; combout          ;
; |Term_BCDcal|WideOr11~0                                       ; |Term_BCDcal|WideOr11~0                                       ; combout          ;
; |Term_BCDcal|WideOr12                                         ; |Term_BCDcal|WideOr12                                         ; combout          ;
; |Term_BCDcal|WideOr11                                         ; |Term_BCDcal|WideOr11                                         ; combout          ;
; |Term_BCDcal|WideOr10                                         ; |Term_BCDcal|WideOr10                                         ; combout          ;
; |Term_BCDcal|Decoder2~8                                       ; |Term_BCDcal|Decoder2~8                                       ; combout          ;
; |Term_BCDcal|WideOr7                                          ; |Term_BCDcal|WideOr7                                          ; combout          ;
; |Term_BCDcal|WideOr20~0                                       ; |Term_BCDcal|WideOr20~0                                       ; combout          ;
; |Term_BCDcal|WideOr19~0                                       ; |Term_BCDcal|WideOr19~0                                       ; combout          ;
; |Term_BCDcal|WideOr18~0                                       ; |Term_BCDcal|WideOr18~0                                       ; combout          ;
; |Term_BCDcal|WideOr17~0                                       ; |Term_BCDcal|WideOr17~0                                       ; combout          ;
; |Term_BCDcal|WideOr16~0                                       ; |Term_BCDcal|WideOr16~0                                       ; combout          ;
; |Term_BCDcal|WideOr15~0                                       ; |Term_BCDcal|WideOr15~0                                       ; combout          ;
; |Term_BCDcal|WideOr14~0                                       ; |Term_BCDcal|WideOr14~0                                       ; combout          ;
; |Term_BCDcal|WideOr27~0                                       ; |Term_BCDcal|WideOr27~0                                       ; combout          ;
; |Term_BCDcal|WideOr26~0                                       ; |Term_BCDcal|WideOr26~0                                       ; combout          ;
; |Term_BCDcal|WideOr25~0                                       ; |Term_BCDcal|WideOr25~0                                       ; combout          ;
; |Term_BCDcal|WideOr24~0                                       ; |Term_BCDcal|WideOr24~0                                       ; combout          ;
; |Term_BCDcal|WideOr23~0                                       ; |Term_BCDcal|WideOr23~0                                       ; combout          ;
; |Term_BCDcal|WideOr22~0                                       ; |Term_BCDcal|WideOr22~0                                       ; combout          ;
; |Term_BCDcal|WideOr21~0                                       ; |Term_BCDcal|WideOr21~0                                       ; combout          ;
; |Term_BCDcal|WideOr34~0                                       ; |Term_BCDcal|WideOr34~0                                       ; combout          ;
; |Term_BCDcal|WideOr33~0                                       ; |Term_BCDcal|WideOr33~0                                       ; combout          ;
; |Term_BCDcal|WideOr32~0                                       ; |Term_BCDcal|WideOr32~0                                       ; combout          ;
; |Term_BCDcal|WideOr31~0                                       ; |Term_BCDcal|WideOr31~0                                       ; combout          ;
; |Term_BCDcal|WideOr30~0                                       ; |Term_BCDcal|WideOr30~0                                       ; combout          ;
; |Term_BCDcal|WideOr29~0                                       ; |Term_BCDcal|WideOr29~0                                       ; combout          ;
; |Term_BCDcal|WideOr28~0                                       ; |Term_BCDcal|WideOr28~0                                       ; combout          ;
; |Term_BCDcal|WideOr41~0                                       ; |Term_BCDcal|WideOr41~0                                       ; combout          ;
; |Term_BCDcal|WideOr40~0                                       ; |Term_BCDcal|WideOr40~0                                       ; combout          ;
; |Term_BCDcal|WideOr39~0                                       ; |Term_BCDcal|WideOr39~0                                       ; combout          ;
; |Term_BCDcal|WideOr38~0                                       ; |Term_BCDcal|WideOr38~0                                       ; combout          ;
; |Term_BCDcal|WideOr37~0                                       ; |Term_BCDcal|WideOr37~0                                       ; combout          ;
; |Term_BCDcal|WideOr36~0                                       ; |Term_BCDcal|WideOr36~0                                       ; combout          ;
; |Term_BCDcal|WideOr35~0                                       ; |Term_BCDcal|WideOr35~0                                       ; combout          ;
; |Term_BCDcal|HEX0[6]                                          ; |Term_BCDcal|HEX0[6]                                          ; padio            ;
; |Term_BCDcal|HEX0[5]                                          ; |Term_BCDcal|HEX0[5]                                          ; padio            ;
; |Term_BCDcal|HEX0[4]                                          ; |Term_BCDcal|HEX0[4]                                          ; padio            ;
; |Term_BCDcal|HEX0[3]                                          ; |Term_BCDcal|HEX0[3]                                          ; padio            ;
; |Term_BCDcal|HEX0[2]                                          ; |Term_BCDcal|HEX0[2]                                          ; padio            ;
; |Term_BCDcal|HEX0[1]                                          ; |Term_BCDcal|HEX0[1]                                          ; padio            ;
; |Term_BCDcal|HEX0[0]                                          ; |Term_BCDcal|HEX0[0]                                          ; padio            ;
; |Term_BCDcal|HEX1[6]                                          ; |Term_BCDcal|HEX1[6]                                          ; padio            ;
; |Term_BCDcal|HEX1[5]                                          ; |Term_BCDcal|HEX1[5]                                          ; padio            ;
; |Term_BCDcal|HEX1[4]                                          ; |Term_BCDcal|HEX1[4]                                          ; padio            ;
; |Term_BCDcal|HEX1[3]                                          ; |Term_BCDcal|HEX1[3]                                          ; padio            ;
; |Term_BCDcal|HEX1[2]                                          ; |Term_BCDcal|HEX1[2]                                          ; padio            ;
; |Term_BCDcal|HEX1[1]                                          ; |Term_BCDcal|HEX1[1]                                          ; padio            ;
; |Term_BCDcal|HEX1[0]                                          ; |Term_BCDcal|HEX1[0]                                          ; padio            ;
; |Term_BCDcal|HEX4[6]                                          ; |Term_BCDcal|HEX4[6]                                          ; padio            ;
; |Term_BCDcal|HEX4[5]                                          ; |Term_BCDcal|HEX4[5]                                          ; padio            ;
; |Term_BCDcal|HEX4[4]                                          ; |Term_BCDcal|HEX4[4]                                          ; padio            ;
; |Term_BCDcal|HEX4[3]                                          ; |Term_BCDcal|HEX4[3]                                          ; padio            ;
; |Term_BCDcal|HEX4[2]                                          ; |Term_BCDcal|HEX4[2]                                          ; padio            ;
; |Term_BCDcal|HEX4[1]                                          ; |Term_BCDcal|HEX4[1]                                          ; padio            ;
; |Term_BCDcal|HEX4[0]                                          ; |Term_BCDcal|HEX4[0]                                          ; padio            ;
; |Term_BCDcal|HEX5[6]                                          ; |Term_BCDcal|HEX5[6]                                          ; padio            ;
; |Term_BCDcal|HEX5[5]                                          ; |Term_BCDcal|HEX5[5]                                          ; padio            ;
; |Term_BCDcal|HEX5[4]                                          ; |Term_BCDcal|HEX5[4]                                          ; padio            ;
; |Term_BCDcal|HEX5[3]                                          ; |Term_BCDcal|HEX5[3]                                          ; padio            ;
; |Term_BCDcal|HEX5[2]                                          ; |Term_BCDcal|HEX5[2]                                          ; padio            ;
; |Term_BCDcal|HEX5[1]                                          ; |Term_BCDcal|HEX5[1]                                          ; padio            ;
; |Term_BCDcal|HEX5[0]                                          ; |Term_BCDcal|HEX5[0]                                          ; padio            ;
; |Term_BCDcal|HEX6[6]                                          ; |Term_BCDcal|HEX6[6]                                          ; padio            ;
; |Term_BCDcal|HEX6[5]                                          ; |Term_BCDcal|HEX6[5]                                          ; padio            ;
; |Term_BCDcal|HEX6[4]                                          ; |Term_BCDcal|HEX6[4]                                          ; padio            ;
; |Term_BCDcal|HEX6[3]                                          ; |Term_BCDcal|HEX6[3]                                          ; padio            ;
; |Term_BCDcal|HEX6[2]                                          ; |Term_BCDcal|HEX6[2]                                          ; padio            ;
; |Term_BCDcal|HEX6[1]                                          ; |Term_BCDcal|HEX6[1]                                          ; padio            ;
; |Term_BCDcal|HEX6[0]                                          ; |Term_BCDcal|HEX6[0]                                          ; padio            ;
; |Term_BCDcal|HEX7[6]                                          ; |Term_BCDcal|HEX7[6]                                          ; padio            ;
; |Term_BCDcal|HEX7[5]                                          ; |Term_BCDcal|HEX7[5]                                          ; padio            ;
; |Term_BCDcal|HEX7[4]                                          ; |Term_BCDcal|HEX7[4]                                          ; padio            ;
; |Term_BCDcal|HEX7[3]                                          ; |Term_BCDcal|HEX7[3]                                          ; padio            ;
; |Term_BCDcal|HEX7[2]                                          ; |Term_BCDcal|HEX7[2]                                          ; padio            ;
; |Term_BCDcal|HEX7[1]                                          ; |Term_BCDcal|HEX7[1]                                          ; padio            ;
; |Term_BCDcal|HEX7[0]                                          ; |Term_BCDcal|HEX7[0]                                          ; padio            ;
; |Term_BCDcal|SW[3]                                            ; |Term_BCDcal|SW[3]~corein                                     ; combout          ;
; |Term_BCDcal|SW[16]                                           ; |Term_BCDcal|SW[16]~corein                                    ; combout          ;
; |Term_BCDcal|SW[11]                                           ; |Term_BCDcal|SW[11]~corein                                    ; combout          ;
; |Term_BCDcal|SW[2]                                            ; |Term_BCDcal|SW[2]~corein                                     ; combout          ;
; |Term_BCDcal|SW[1]                                            ; |Term_BCDcal|SW[1]~corein                                     ; combout          ;
; |Term_BCDcal|SW[8]                                            ; |Term_BCDcal|SW[8]~corein                                     ; combout          ;
; |Term_BCDcal|SW[0]                                            ; |Term_BCDcal|SW[0]~corein                                     ; combout          ;
; |Term_BCDcal|SW[9]                                            ; |Term_BCDcal|SW[9]~corein                                     ; combout          ;
; |Term_BCDcal|SW[10]                                           ; |Term_BCDcal|SW[10]~corein                                    ; combout          ;
; |Term_BCDcal|SW[4]                                            ; |Term_BCDcal|SW[4]~corein                                     ; combout          ;
; |Term_BCDcal|SW[12]                                           ; |Term_BCDcal|SW[12]~corein                                    ; combout          ;
; |Term_BCDcal|SW[6]                                            ; |Term_BCDcal|SW[6]~corein                                     ; combout          ;
; |Term_BCDcal|SW[5]                                            ; |Term_BCDcal|SW[5]~corein                                     ; combout          ;
; |Term_BCDcal|SW[13]                                           ; |Term_BCDcal|SW[13]~corein                                    ; combout          ;
; |Term_BCDcal|SW[14]                                           ; |Term_BCDcal|SW[14]~corein                                    ; combout          ;
; |Term_BCDcal|SW[7]                                            ; |Term_BCDcal|SW[7]~corein                                     ; combout          ;
; |Term_BCDcal|SW[15]                                           ; |Term_BCDcal|SW[15]~corein                                    ; combout          ;
+---------------------------------------------------------------+---------------------------------------------------------------+------------------+


The following table displays output ports that do not toggle to 0 during simulation.
+--------------------------------------------------------------------------------------------------------------------------------------------------+
; Missing 0-Value Coverage                                                                                                                         ;
+---------------------------------------------------------------+---------------------------------------------------------------+------------------+
; Node Name                                                     ; Output Port Name                                              ; Output Port Type ;
+---------------------------------------------------------------+---------------------------------------------------------------+------------------+
; |Term_BCDcal|Calculator:cal|Full_Adder:fulladd1|car~0         ; |Term_BCDcal|Calculator:cal|Full_Adder:fulladd1|car~0         ; combout          ;
; |Term_BCDcal|Calculator:cal|Full_Adder:fulladd1|car[1]~1      ; |Term_BCDcal|Calculator:cal|Full_Adder:fulladd1|car[1]~1      ; combout          ;
; |Term_BCDcal|Calculator:cal|Full_Adder:fulladd1|car[2]~2      ; |Term_BCDcal|Calculator:cal|Full_Adder:fulladd1|car[2]~2      ; combout          ;
; |Term_BCDcal|Calculator:cal|Full_Adder:fulladd1|temp_out[3]~0 ; |Term_BCDcal|Calculator:cal|Full_Adder:fulladd1|temp_out[3]~0 ; combout          ;
; |Term_BCDcal|Calculator:cal|Full_Adder:fulladd1|temp_out[2]~1 ; |Term_BCDcal|Calculator:cal|Full_Adder:fulladd1|temp_out[2]~1 ; combout          ;
; |Term_BCDcal|Calculator:cal|Full_Adder:fulladd1|temp_out[1]   ; |Term_BCDcal|Calculator:cal|Full_Adder:fulladd1|temp_out[1]   ; combout          ;
; |Term_BCDcal|Calculator:cal|Full_Adder:fulladd1|car~3         ; |Term_BCDcal|Calculator:cal|Full_Adder:fulladd1|car~3         ; combout          ;
; |Term_BCDcal|Decoder1~0                                       ; |Term_BCDcal|Decoder1~0                                       ; combout          ;
; |Term_BCDcal|Decoder1~1                                       ; |Term_BCDcal|Decoder1~1                                       ; combout          ;
; |Term_BCDcal|Decoder1~2                                       ; |Term_BCDcal|Decoder1~2                                       ; combout          ;
; |Term_BCDcal|Decoder1~3                                       ; |Term_BCDcal|Decoder1~3                                       ; combout          ;
; |Term_BCDcal|WideOr1~0                                        ; |Term_BCDcal|WideOr1~0                                        ; combout          ;
; |Term_BCDcal|Decoder1~4                                       ; |Term_BCDcal|Decoder1~4                                       ; combout          ;
; |Term_BCDcal|Decoder1~5                                       ; |Term_BCDcal|Decoder1~5                                       ; combout          ;
; |Term_BCDcal|Decoder1~6                                       ; |Term_BCDcal|Decoder1~6                                       ; combout          ;
; |Term_BCDcal|WideOr3~0                                        ; |Term_BCDcal|WideOr3~0                                        ; combout          ;
; |Term_BCDcal|WideOr6                                          ; |Term_BCDcal|WideOr6                                          ; combout          ;
; |Term_BCDcal|Decoder1~7                                       ; |Term_BCDcal|Decoder1~7                                       ; combout          ;
; |Term_BCDcal|WideOr4~0                                        ; |Term_BCDcal|WideOr4~0                                        ; combout          ;
; |Term_BCDcal|WideOr5                                          ; |Term_BCDcal|WideOr5                                          ; combout          ;
; |Term_BCDcal|WideOr4                                          ; |Term_BCDcal|WideOr4                                          ; combout          ;
; |Term_BCDcal|WideOr3                                          ; |Term_BCDcal|WideOr3                                          ; combout          ;
; |Term_BCDcal|Decoder1~8                                       ; |Term_BCDcal|Decoder1~8                                       ; combout          ;
; |Term_BCDcal|WideOr0                                          ; |Term_BCDcal|WideOr0                                          ; combout          ;
; |Term_BCDcal|Calculator:cal|Full_Adder:fulladd1|c_out~0       ; |Term_BCDcal|Calculator:cal|Full_Adder:fulladd1|c_out~0       ; combout          ;
; |Term_BCDcal|Calculator:cal|Full_Adder:fulladd2|temp_out[0]~0 ; |Term_BCDcal|Calculator:cal|Full_Adder:fulladd2|temp_out[0]~0 ; combout          ;
; |Term_BCDcal|Calculator:cal|Full_Adder:fulladd2|car[0]~0      ; |Term_BCDcal|Calculator:cal|Full_Adder:fulladd2|car[0]~0      ; combout          ;
; |Term_BCDcal|Calculator:cal|Full_Adder:fulladd2|car[1]~1      ; |Term_BCDcal|Calculator:cal|Full_Adder:fulladd2|car[1]~1      ; combout          ;
; |Term_BCDcal|Calculator:cal|Full_Adder:fulladd2|temp_out[2]~1 ; |Term_BCDcal|Calculator:cal|Full_Adder:fulladd2|temp_out[2]~1 ; combout          ;
; |Term_BCDcal|Calculator:cal|Full_Adder:fulladd2|temp_out[1]~2 ; |Term_BCDcal|Calculator:cal|Full_Adder:fulladd2|temp_out[1]~2 ; combout          ;
; |Term_BCDcal|Calculator:cal|Full_Adder:fulladd2|car[2]~2      ; |Term_BCDcal|Calculator:cal|Full_Adder:fulladd2|car[2]~2      ; combout          ;
; |Term_BCDcal|Decoder2~0                                       ; |Term_BCDcal|Decoder2~0                                       ; combout          ;
; |Term_BCDcal|Decoder2~1                                       ; |Term_BCDcal|Decoder2~1                                       ; combout          ;
; |Term_BCDcal|Decoder2~2                                       ; |Term_BCDcal|Decoder2~2                                       ; combout          ;
; |Term_BCDcal|Decoder2~3                                       ; |Term_BCDcal|Decoder2~3                                       ; combout          ;
; |Term_BCDcal|WideOr12~0                                       ; |Term_BCDcal|WideOr12~0                                       ; combout          ;
; |Term_BCDcal|Decoder2~4                                       ; |Term_BCDcal|Decoder2~4                                       ; combout          ;
; |Term_BCDcal|WideOr8~0                                        ; |Term_BCDcal|WideOr8~0                                        ; combout          ;
; |Term_BCDcal|WideOr8~1                                        ; |Term_BCDcal|WideOr8~1                                        ; combout          ;
; |Term_BCDcal|WideOr8~2                                        ; |Term_BCDcal|WideOr8~2                                        ; combout          ;
; |Term_BCDcal|Calculator:cal|Full_Adder:fulladd2|temp_out[3]~3 ; |Term_BCDcal|Calculator:cal|Full_Adder:fulladd2|temp_out[3]~3 ; combout          ;
; |Term_BCDcal|Decoder2~5                                       ; |Term_BCDcal|Decoder2~5                                       ; combout          ;
; |Term_BCDcal|Decoder2~6                                       ; |Term_BCDcal|Decoder2~6                                       ; combout          ;
; |Term_BCDcal|WideOr10~0                                       ; |Term_BCDcal|WideOr10~0                                       ; combout          ;
; |Term_BCDcal|WideOr13                                         ; |Term_BCDcal|WideOr13                                         ; combout          ;
; |Term_BCDcal|Decoder2~7                                       ; |Term_BCDcal|Decoder2~7                                       ; combout          ;
; |Term_BCDcal|WideOr11~0                                       ; |Term_BCDcal|WideOr11~0                                       ; combout          ;
; |Term_BCDcal|WideOr12                                         ; |Term_BCDcal|WideOr12                                         ; combout          ;
; |Term_BCDcal|WideOr11                                         ; |Term_BCDcal|WideOr11                                         ; combout          ;
; |Term_BCDcal|WideOr10                                         ; |Term_BCDcal|WideOr10                                         ; combout          ;
; |Term_BCDcal|Decoder2~8                                       ; |Term_BCDcal|Decoder2~8                                       ; combout          ;
; |Term_BCDcal|WideOr7                                          ; |Term_BCDcal|WideOr7                                          ; combout          ;
; |Term_BCDcal|WideOr20~0                                       ; |Term_BCDcal|WideOr20~0                                       ; combout          ;
; |Term_BCDcal|WideOr19~0                                       ; |Term_BCDcal|WideOr19~0                                       ; combout          ;
; |Term_BCDcal|WideOr18~0                                       ; |Term_BCDcal|WideOr18~0                                       ; combout          ;
; |Term_BCDcal|WideOr17~0                                       ; |Term_BCDcal|WideOr17~0                                       ; combout          ;
; |Term_BCDcal|WideOr16~0                                       ; |Term_BCDcal|WideOr16~0                                       ; combout          ;
; |Term_BCDcal|WideOr15~0                                       ; |Term_BCDcal|WideOr15~0                                       ; combout          ;
; |Term_BCDcal|WideOr14~0                                       ; |Term_BCDcal|WideOr14~0                                       ; combout          ;
; |Term_BCDcal|WideOr27~0                                       ; |Term_BCDcal|WideOr27~0                                       ; combout          ;
; |Term_BCDcal|WideOr26~0                                       ; |Term_BCDcal|WideOr26~0                                       ; combout          ;
; |Term_BCDcal|WideOr25~0                                       ; |Term_BCDcal|WideOr25~0                                       ; combout          ;
; |Term_BCDcal|WideOr24~0                                       ; |Term_BCDcal|WideOr24~0                                       ; combout          ;
; |Term_BCDcal|WideOr23~0                                       ; |Term_BCDcal|WideOr23~0                                       ; combout          ;
; |Term_BCDcal|WideOr22~0                                       ; |Term_BCDcal|WideOr22~0                                       ; combout          ;
; |Term_BCDcal|WideOr21~0                                       ; |Term_BCDcal|WideOr21~0                                       ; combout          ;
; |Term_BCDcal|WideOr34~0                                       ; |Term_BCDcal|WideOr34~0                                       ; combout          ;
; |Term_BCDcal|WideOr33~0                                       ; |Term_BCDcal|WideOr33~0                                       ; combout          ;
; |Term_BCDcal|WideOr32~0                                       ; |Term_BCDcal|WideOr32~0                                       ; combout          ;
; |Term_BCDcal|WideOr31~0                                       ; |Term_BCDcal|WideOr31~0                                       ; combout          ;
; |Term_BCDcal|WideOr30~0                                       ; |Term_BCDcal|WideOr30~0                                       ; combout          ;
; |Term_BCDcal|WideOr29~0                                       ; |Term_BCDcal|WideOr29~0                                       ; combout          ;
; |Term_BCDcal|WideOr28~0                                       ; |Term_BCDcal|WideOr28~0                                       ; combout          ;
; |Term_BCDcal|WideOr41~0                                       ; |Term_BCDcal|WideOr41~0                                       ; combout          ;
; |Term_BCDcal|WideOr40~0                                       ; |Term_BCDcal|WideOr40~0                                       ; combout          ;
; |Term_BCDcal|WideOr39~0                                       ; |Term_BCDcal|WideOr39~0                                       ; combout          ;
; |Term_BCDcal|WideOr38~0                                       ; |Term_BCDcal|WideOr38~0                                       ; combout          ;
; |Term_BCDcal|WideOr37~0                                       ; |Term_BCDcal|WideOr37~0                                       ; combout          ;
; |Term_BCDcal|WideOr36~0                                       ; |Term_BCDcal|WideOr36~0                                       ; combout          ;
; |Term_BCDcal|WideOr35~0                                       ; |Term_BCDcal|WideOr35~0                                       ; combout          ;
; |Term_BCDcal|HEX0[6]                                          ; |Term_BCDcal|HEX0[6]                                          ; padio            ;
; |Term_BCDcal|HEX0[5]                                          ; |Term_BCDcal|HEX0[5]                                          ; padio            ;
; |Term_BCDcal|HEX0[4]                                          ; |Term_BCDcal|HEX0[4]                                          ; padio            ;
; |Term_BCDcal|HEX0[3]                                          ; |Term_BCDcal|HEX0[3]                                          ; padio            ;
; |Term_BCDcal|HEX0[2]                                          ; |Term_BCDcal|HEX0[2]                                          ; padio            ;
; |Term_BCDcal|HEX0[1]                                          ; |Term_BCDcal|HEX0[1]                                          ; padio            ;
; |Term_BCDcal|HEX0[0]                                          ; |Term_BCDcal|HEX0[0]                                          ; padio            ;
; |Term_BCDcal|HEX1[6]                                          ; |Term_BCDcal|HEX1[6]                                          ; padio            ;
; |Term_BCDcal|HEX1[5]                                          ; |Term_BCDcal|HEX1[5]                                          ; padio            ;
; |Term_BCDcal|HEX1[4]                                          ; |Term_BCDcal|HEX1[4]                                          ; padio            ;
; |Term_BCDcal|HEX1[3]                                          ; |Term_BCDcal|HEX1[3]                                          ; padio            ;
; |Term_BCDcal|HEX1[2]                                          ; |Term_BCDcal|HEX1[2]                                          ; padio            ;
; |Term_BCDcal|HEX1[1]                                          ; |Term_BCDcal|HEX1[1]                                          ; padio            ;
; |Term_BCDcal|HEX1[0]                                          ; |Term_BCDcal|HEX1[0]                                          ; padio            ;
; |Term_BCDcal|HEX4[6]                                          ; |Term_BCDcal|HEX4[6]                                          ; padio            ;
; |Term_BCDcal|HEX4[5]                                          ; |Term_BCDcal|HEX4[5]                                          ; padio            ;
; |Term_BCDcal|HEX4[4]                                          ; |Term_BCDcal|HEX4[4]                                          ; padio            ;
; |Term_BCDcal|HEX4[3]                                          ; |Term_BCDcal|HEX4[3]                                          ; padio            ;
; |Term_BCDcal|HEX4[2]                                          ; |Term_BCDcal|HEX4[2]                                          ; padio            ;
; |Term_BCDcal|HEX4[1]                                          ; |Term_BCDcal|HEX4[1]                                          ; padio            ;
; |Term_BCDcal|HEX4[0]                                          ; |Term_BCDcal|HEX4[0]                                          ; padio            ;
; |Term_BCDcal|HEX5[6]                                          ; |Term_BCDcal|HEX5[6]                                          ; padio            ;
; |Term_BCDcal|HEX5[5]                                          ; |Term_BCDcal|HEX5[5]                                          ; padio            ;
; |Term_BCDcal|HEX5[4]                                          ; |Term_BCDcal|HEX5[4]                                          ; padio            ;
; |Term_BCDcal|HEX5[3]                                          ; |Term_BCDcal|HEX5[3]                                          ; padio            ;
; |Term_BCDcal|HEX5[2]                                          ; |Term_BCDcal|HEX5[2]                                          ; padio            ;
; |Term_BCDcal|HEX5[1]                                          ; |Term_BCDcal|HEX5[1]                                          ; padio            ;
; |Term_BCDcal|HEX5[0]                                          ; |Term_BCDcal|HEX5[0]                                          ; padio            ;
; |Term_BCDcal|HEX6[6]                                          ; |Term_BCDcal|HEX6[6]                                          ; padio            ;
; |Term_BCDcal|HEX6[5]                                          ; |Term_BCDcal|HEX6[5]                                          ; padio            ;
; |Term_BCDcal|HEX6[4]                                          ; |Term_BCDcal|HEX6[4]                                          ; padio            ;
; |Term_BCDcal|HEX6[3]                                          ; |Term_BCDcal|HEX6[3]                                          ; padio            ;
; |Term_BCDcal|HEX6[2]                                          ; |Term_BCDcal|HEX6[2]                                          ; padio            ;
; |Term_BCDcal|HEX6[1]                                          ; |Term_BCDcal|HEX6[1]                                          ; padio            ;
; |Term_BCDcal|HEX6[0]                                          ; |Term_BCDcal|HEX6[0]                                          ; padio            ;
; |Term_BCDcal|HEX7[6]                                          ; |Term_BCDcal|HEX7[6]                                          ; padio            ;
; |Term_BCDcal|HEX7[5]                                          ; |Term_BCDcal|HEX7[5]                                          ; padio            ;
; |Term_BCDcal|HEX7[4]                                          ; |Term_BCDcal|HEX7[4]                                          ; padio            ;
; |Term_BCDcal|HEX7[3]                                          ; |Term_BCDcal|HEX7[3]                                          ; padio            ;
; |Term_BCDcal|HEX7[2]                                          ; |Term_BCDcal|HEX7[2]                                          ; padio            ;
; |Term_BCDcal|HEX7[1]                                          ; |Term_BCDcal|HEX7[1]                                          ; padio            ;
; |Term_BCDcal|HEX7[0]                                          ; |Term_BCDcal|HEX7[0]                                          ; padio            ;
; |Term_BCDcal|SW[3]                                            ; |Term_BCDcal|SW[3]~corein                                     ; combout          ;
; |Term_BCDcal|SW[16]                                           ; |Term_BCDcal|SW[16]~corein                                    ; combout          ;
; |Term_BCDcal|SW[11]                                           ; |Term_BCDcal|SW[11]~corein                                    ; combout          ;
; |Term_BCDcal|SW[2]                                            ; |Term_BCDcal|SW[2]~corein                                     ; combout          ;
; |Term_BCDcal|SW[1]                                            ; |Term_BCDcal|SW[1]~corein                                     ; combout          ;
; |Term_BCDcal|SW[8]                                            ; |Term_BCDcal|SW[8]~corein                                     ; combout          ;
; |Term_BCDcal|SW[0]                                            ; |Term_BCDcal|SW[0]~corein                                     ; combout          ;
; |Term_BCDcal|SW[9]                                            ; |Term_BCDcal|SW[9]~corein                                     ; combout          ;
; |Term_BCDcal|SW[10]                                           ; |Term_BCDcal|SW[10]~corein                                    ; combout          ;
; |Term_BCDcal|SW[4]                                            ; |Term_BCDcal|SW[4]~corein                                     ; combout          ;
; |Term_BCDcal|SW[12]                                           ; |Term_BCDcal|SW[12]~corein                                    ; combout          ;
; |Term_BCDcal|SW[6]                                            ; |Term_BCDcal|SW[6]~corein                                     ; combout          ;
; |Term_BCDcal|SW[5]                                            ; |Term_BCDcal|SW[5]~corein                                     ; combout          ;
; |Term_BCDcal|SW[13]                                           ; |Term_BCDcal|SW[13]~corein                                    ; combout          ;
; |Term_BCDcal|SW[14]                                           ; |Term_BCDcal|SW[14]~corein                                    ; combout          ;
; |Term_BCDcal|SW[7]                                            ; |Term_BCDcal|SW[7]~corein                                     ; combout          ;
; |Term_BCDcal|SW[15]                                           ; |Term_BCDcal|SW[15]~corein                                    ; combout          ;
+---------------------------------------------------------------+---------------------------------------------------------------+------------------+


+---------------------+
; Simulator INI Usage ;
+--------+------------+
; Option ; Usage      ;
+--------+------------+


+--------------------+
; Simulator Messages ;
+--------------------+
Info: *******************************************************************
Info: Running Quartus II Simulator
    Info: Version 9.1 Build 350 03/24/2010 Service Pack 2 SJ Web Edition
    Info: Processing started: Sat Apr 06 11:04:40 2019
Info: Command: quartus_sim --read_settings_files=on --write_settings_files=off Term_BCDcal -c Term_BCDcal
Info: Using vector source file "C:/Users/ESCi/Documents/Source/COSE221-01-TermProject1/ForSimulate/28+7=35.vwf"
Warning: Ignored node in vector source file. Can't find corresponding node name "~ALTERA_ASDO_DATA1~" in design.
Warning: Ignored node in vector source file. Can't find corresponding node name "~ALTERA_DATA0~" in design.
Warning: Ignored node in vector source file. Can't find corresponding node name "~ALTERA_DCLK~" in design.
Warning: Ignored node in vector source file. Can't find corresponding node name "~ALTERA_FLASH_nCE_nCSO~" in design.
Warning: Ignored node in vector source file. Can't find corresponding node name "~ALTERA_nCEO~" in design.
Info: Option to preserve fewer signal transitions to reduce memory requirements is enabled
    Info: Simulation has been partitioned into sub-simulations according to the maximum transition count determined by the engine. Transitions from memory will be flushed out to disk at the end of each sub-simulation to reduce memory requirements.
Info: Simulation partitioned into 1 sub-simulations
Info: Simulation coverage is       0.00 %
Info: Number of transitions in simulation is 0
Info: Quartus II Simulator was successful. 0 errors, 5 warnings
    Info: Peak virtual memory: 180 megabytes
    Info: Processing ended: Sat Apr 06 11:04:41 2019
    Info: Elapsed time: 00:00:01
    Info: Total CPU time (on all processors): 00:00:00


